>>> say_my_name = __import__('3-say_my_name').say_my_name

>>> say_my_name()
Traceback (most recent call last):
TypeError: say_my_name() missing 1 required positional argument: 'first_name'

>>> say_my_name("A", "B", "C")
Traceback (most recent call last):
TypeError: say_my_name() takes from 1 to 2 positional arguments but 3 were given

>>> say_my_name(98)
Traceback (most recent call last):
TypeError: first_name must be a string

>>> say_my_name(98, "Bouzrbay")
Traceback (most recent call last):
TypeError: first_name must be a string

>>> say_my_name("Ghita", 98)
Traceback (most recent call last):
TypeError: last_name must be a string

>>> say_my_name("Ghita", "Bouzrbay")
My name is Ghita Bouzrbay

>>> say_my_name("Ghita")
My name is Ghita
